MYSQL:
-------


[cloudera@quickstart ~]$ mysql -u root;
ERROR 1045 (28000): Access denied for user 'root'@'localhost' (using password: NO)
[cloudera@quickstart ~]$ mysql -u root -p 
Enter password: 
Welcome to the MySQL monitor.  Commands end with ; or \g.
Your MySQL connection id is 153
Server version: 5.1.73 Source distribution

Copyright (c) 2000, 2013, Oracle and/or its affiliates. All rights reserved.

Oracle is a registered trademark of Oracle Corporation and/or its
affiliates. Other names may be trademarks of their respective
owners.

Type 'help;' or '\h' for help. Type '\c' to clear the current input statement.

mysql> \h

For information about MySQL products and services, visit:
   http://www.mysql.com/
For developer information, including the MySQL Reference Manual, visit:
   http://dev.mysql.com/
To buy MySQL Enterprise support, training, or other products, visit:
   https://shop.mysql.com/

List of all MySQL commands:
Note that all text commands must be first on line and end with ';'
?         (\?) Synonym for `help'.
clear     (\c) Clear the current input statement.
connect   (\r) Reconnect to the server. Optional arguments are db and host.
delimiter (\d) Set statement delimiter.
edit      (\e) Edit command with $EDITOR.
ego       (\G) Send command to mysql server, display result vertically.
exit      (\q) Exit mysql. Same as quit.
go        (\g) Send command to mysql server.
help      (\h) Display this help.
nopager   (\n) Disable pager, print to stdout.
notee     (\t) Don't write into outfile.
pager     (\P) Set PAGER [to_pager]. Print the query results via PAGER.
print     (\p) Print current command.
prompt    (\R) Change your mysql prompt.
quit      (\q) Quit mysql.
rehash    (\#) Rebuild completion hash.
source    (\.) Execute an SQL script file. Takes a file name as an argument.
status    (\s) Get status information from the server.
system    (\!) Execute a system shell command.
tee       (\T) Set outfile [to_outfile]. Append everything into given outfile.
use       (\u) Use another database. Takes database name as argument.
charset   (\C) Switch to another charset. Might be needed for processing binlog with multi-byte charsets.
warnings  (\W) Show warnings after every statement.
nowarning (\w) Don't show warnings after every statement.

For server side help, type 'help contents'

mysql> show databases;
+--------------------+
| Database           |
+--------------------+
| information_schema |
| cm                 |
| firehose           |
| hue                |
| metastore          |
| mysql              |
| nav                |
| navms              |
| oozie              |
| retail_db          |
| rman               |
| sampledb           |
| sentry             |
| zeyo_db_20         |
| zeyodb             |
+--------------------+
15 rows in set (0.00 sec)

mysql> use sampledb;
Reading table information for completion of table and column names
You can turn off this feature to get a quicker startup with -A

Database changed
mysql> show tables;
+--------------------+
| Tables_in_sampledb |
+--------------------+
| emp                |
+--------------------+
1 row in set (0.00 sec)

mysql> create table student(name varchar2(20), age int, marks int);
ERROR 1064 (42000): You have an error in your SQL syntax; check the manual that corresponds to your MySQL server version for the right syntax to use near 'varchar2(20), age int, marks int)' at line 1
mysql> create table student(name varchar2(20), age int, grade varchar2(4));
ERROR 1064 (42000): You have an error in your SQL syntax; check the manual that corresponds to your MySQL server version for the right syntax to use near 'varchar2(20), age int, grade varchar2(4))' at line 1
mysql> create table student(name varchar2(20), age int, marks int);
ERROR 1064 (42000): You have an error in your SQL syntax; check the manual that corresponds to your MySQL server version for the right syntax to use near 'varchar2(20), age int, marks int)' at line 1
mysql> create table student(name varchar2(20), age int, marks float);
ERROR 1064 (42000): You have an error in your SQL syntax; check the manual that corresponds to your MySQL server version for the right syntax to use near 'varchar2(20), age int, marks float)' at line 1
mysql> create table student(name varchar2(20), age int,address varchar2(50));
ERROR 1064 (42000): You have an error in your SQL syntax; check the manual that corresponds to your MySQL server version for the right syntax to use near 'varchar2(20), age int,address varchar2(50))' at line 1
mysql> create table student(name varchar(20), age int,address varchar(50));
Query OK, 0 rows affected (0.03 sec)

mysql> insert into student values('Anif', 24, 'Anantapur');
Query OK, 1 row affected (0.00 sec)

mysql> insert into student values('Monisha', 24, 'Chittur');
Query OK, 1 row affected (0.00 sec)

mysql> insert into student values('Tanuja', 23, 'Palakollu');
Query OK, 1 row affected (0.01 sec)

mysql> insert into student values('Amulya', 22, 'Sircilla');
Query OK, 1 row affected (0.00 sec)

mysql> insert into student values('Arjun', 24, 'Banglore');
Query OK, 1 row affected (0.00 sec)

mysql> select * from student;
+---------+------+-----------+
| name    | age  | address   |
+---------+------+-----------+
| Anif    |   24 | Anantapur |
| Monisha |   24 | Chittur   |
| Tanuja  |   23 | Palakollu |
| Amulya  |   22 | Sircilla  |
| Arjun   |   24 | Banglore  |
+---------+------+-----------+
5 rows in set (0.00 sec)

mysql> select * from student where address='palakollu';
+--------+------+-----------+
| name   | age  | address   |
+--------+------+-----------+
| Tanuja |   23 | Palakollu |
+--------+------+-----------+
1 row in set (0.00 sec)

mysql> select * from student where age=24 and address='Anantapur';
+------+------+-----------+
| name | age  | address   |
+------+------+-----------+
| Anif |   24 | Anantapur |
+------+------+-----------+
1 row in set (0.00 sec)

mysql> select max(age) from student;
+----------+
| max(age) |
+----------+
|       24 |
+----------+
1 row in set (0.00 sec)

mysql> select name from student where max(age)=24 and address='chittur';
ERROR 1111 (HY000): Invalid use of group function
mysql> select name from student where max(age)=24 and address='Chittur';
ERROR 1111 (HY000): Invalid use of group function
mysql> 



-----------------------

Importing mysql data into SQOOP:
-------------------------------


[cloudera@quickstart ~]$ sqoop import --connect jdbc:mysql://quickstart:3306/sampledb --password cloudera --username root --table student -m 1;
Warning: /usr/lib/sqoop/../accumulo does not exist! Accumulo imports will fail.
Please set $ACCUMULO_HOME to the root of your Accumulo installation.
22/01/16 06:12:54 INFO sqoop.Sqoop: Running Sqoop version: 1.4.6-cdh5.13.0
22/01/16 06:12:54 WARN tool.BaseSqoopTool: Setting your password on the command-line is insecure. Consider using -P instead.
22/01/16 06:12:54 INFO manager.MySQLManager: Preparing to use a MySQL streaming resultset.
22/01/16 06:12:54 INFO tool.CodeGenTool: Beginning code generation
22/01/16 06:12:56 INFO manager.SqlManager: Executing SQL statement: SELECT t.* FROM `student` AS t LIMIT 1
22/01/16 06:12:56 INFO manager.SqlManager: Executing SQL statement: SELECT t.* FROM `student` AS t LIMIT 1
22/01/16 06:12:56 INFO orm.CompilationManager: HADOOP_MAPRED_HOME is /usr/lib/hadoop-mapreduce
Note: /tmp/sqoop-cloudera/compile/c7a48c2e8c3eb80e4858e8f6298ebe80/student.java uses or overrides a deprecated API.
Note: Recompile with -Xlint:deprecation for details.
22/01/16 06:13:00 INFO orm.CompilationManager: Writing jar file: /tmp/sqoop-cloudera/compile/c7a48c2e8c3eb80e4858e8f6298ebe80/student.jar
22/01/16 06:13:00 WARN manager.MySQLManager: It looks like you are importing from mysql.
22/01/16 06:13:00 WARN manager.MySQLManager: This transfer can be faster! Use the --direct
22/01/16 06:13:00 WARN manager.MySQLManager: option to exercise a MySQL-specific fast path.
22/01/16 06:13:00 INFO manager.MySQLManager: Setting zero DATETIME behavior to convertToNull (mysql)
22/01/16 06:13:00 INFO mapreduce.ImportJobBase: Beginning import of student
22/01/16 06:13:01 INFO Configuration.deprecation: mapred.jar is deprecated. Instead, use mapreduce.job.jar
22/01/16 06:13:03 INFO Configuration.deprecation: mapred.map.tasks is deprecated. Instead, use mapreduce.job.maps
22/01/16 06:13:04 INFO client.RMProxy: Connecting to ResourceManager at quickstart.cloudera/127.0.0.1:8032
22/01/16 06:13:07 WARN hdfs.DFSClient: Caught exception 
java.lang.InterruptedException
	at java.lang.Object.wait(Native Method)
	at java.lang.Thread.join(Thread.java:1252)
	at java.lang.Thread.join(Thread.java:1326)
	at org.apache.hadoop.hdfs.DFSOutputStream$DataStreamer.closeResponder(DFSOutputStream.java:967)
	at org.apache.hadoop.hdfs.DFSOutputStream$DataStreamer.endBlock(DFSOutputStream.java:705)
	at org.apache.hadoop.hdfs.DFSOutputStream$DataStreamer.run(DFSOutputStream.java:894)
22/01/16 06:13:07 WARN hdfs.DFSClient: Caught exception 
java.lang.InterruptedException
	at java.lang.Object.wait(Native Method)
	at java.lang.Thread.join(Thread.java:1252)
	at java.lang.Thread.join(Thread.java:1326)
	at org.apache.hadoop.hdfs.DFSOutputStream$DataStreamer.closeResponder(DFSOutputStream.java:967)
	at org.apache.hadoop.hdfs.DFSOutputStream$DataStreamer.endBlock(DFSOutputStream.java:705)
	at org.apache.hadoop.hdfs.DFSOutputStream$DataStreamer.run(DFSOutputStream.java:894)
22/01/16 06:13:08 WARN hdfs.DFSClient: Caught exception 
java.lang.InterruptedException
	at java.lang.Object.wait(Native Method)
	at java.lang.Thread.join(Thread.java:1252)
	at java.lang.Thread.join(Thread.java:1326)
	at org.apache.hadoop.hdfs.DFSOutputStream$DataStreamer.closeResponder(DFSOutputStream.java:967)
	at org.apache.hadoop.hdfs.DFSOutputStream$DataStreamer.endBlock(DFSOutputStream.java:705)
	at org.apache.hadoop.hdfs.DFSOutputStream$DataStreamer.run(DFSOutputStream.java:894)
22/01/16 06:13:08 WARN hdfs.DFSClient: Caught exception 
java.lang.InterruptedException
	at java.lang.Object.wait(Native Method)
	at java.lang.Thread.join(Thread.java:1252)
	at java.lang.Thread.join(Thread.java:1326)
	at org.apache.hadoop.hdfs.DFSOutputStream$DataStreamer.closeResponder(DFSOutputStream.java:967)
	at org.apache.hadoop.hdfs.DFSOutputStream$DataStreamer.endBlock(DFSOutputStream.java:705)
	at org.apache.hadoop.hdfs.DFSOutputStream$DataStreamer.run(DFSOutputStream.java:894)
22/01/16 06:13:08 WARN hdfs.DFSClient: Caught exception 
java.lang.InterruptedException
	at java.lang.Object.wait(Native Method)
	at java.lang.Thread.join(Thread.java:1252)
	at java.lang.Thread.join(Thread.java:1326)
	at org.apache.hadoop.hdfs.DFSOutputStream$DataStreamer.closeResponder(DFSOutputStream.java:967)
	at org.apache.hadoop.hdfs.DFSOutputStream$DataStreamer.endBlock(DFSOutputStream.java:705)
	at org.apache.hadoop.hdfs.DFSOutputStream$DataStreamer.run(DFSOutputStream.java:894)
22/01/16 06:13:08 WARN hdfs.DFSClient: Caught exception 
java.lang.InterruptedException
	at java.lang.Object.wait(Native Method)
	at java.lang.Thread.join(Thread.java:1252)
	at java.lang.Thread.join(Thread.java:1326)
	at org.apache.hadoop.hdfs.DFSOutputStream$DataStreamer.closeResponder(DFSOutputStream.java:967)
	at org.apache.hadoop.hdfs.DFSOutputStream$DataStreamer.endBlock(DFSOutputStream.java:705)
	at org.apache.hadoop.hdfs.DFSOutputStream$DataStreamer.run(DFSOutputStream.java:894)
22/01/16 06:13:08 WARN hdfs.DFSClient: Caught exception 
java.lang.InterruptedException
	at java.lang.Object.wait(Native Method)
	at java.lang.Thread.join(Thread.java:1252)
	at java.lang.Thread.join(Thread.java:1326)
	at org.apache.hadoop.hdfs.DFSOutputStream$DataStreamer.closeResponder(DFSOutputStream.java:967)
	at org.apache.hadoop.hdfs.DFSOutputStream$DataStreamer.endBlock(DFSOutputStream.java:705)
	at org.apache.hadoop.hdfs.DFSOutputStream$DataStreamer.run(DFSOutputStream.java:894)
22/01/16 06:13:08 WARN hdfs.DFSClient: Caught exception 
java.lang.InterruptedException
	at java.lang.Object.wait(Native Method)
	at java.lang.Thread.join(Thread.java:1252)
	at java.lang.Thread.join(Thread.java:1326)
	at org.apache.hadoop.hdfs.DFSOutputStream$DataStreamer.closeResponder(DFSOutputStream.java:967)
	at org.apache.hadoop.hdfs.DFSOutputStream$DataStreamer.endBlock(DFSOutputStream.java:705)
	at org.apache.hadoop.hdfs.DFSOutputStream$DataStreamer.run(DFSOutputStream.java:894)
22/01/16 06:13:08 WARN hdfs.DFSClient: Caught exception 
java.lang.InterruptedException
	at java.lang.Object.wait(Native Method)
	at java.lang.Thread.join(Thread.java:1252)
	at java.lang.Thread.join(Thread.java:1326)
	at org.apache.hadoop.hdfs.DFSOutputStream$DataStreamer.closeResponder(DFSOutputStream.java:967)
	at org.apache.hadoop.hdfs.DFSOutputStream$DataStreamer.endBlock(DFSOutputStream.java:705)
	at org.apache.hadoop.hdfs.DFSOutputStream$DataStreamer.run(DFSOutputStream.java:894)
22/01/16 06:13:08 WARN hdfs.DFSClient: Caught exception 
java.lang.InterruptedException
	at java.lang.Object.wait(Native Method)
	at java.lang.Thread.join(Thread.java:1252)
	at java.lang.Thread.join(Thread.java:1326)
	at org.apache.hadoop.hdfs.DFSOutputStream$DataStreamer.closeResponder(DFSOutputStream.java:967)
	at org.apache.hadoop.hdfs.DFSOutputStream$DataStreamer.endBlock(DFSOutputStream.java:705)
	at org.apache.hadoop.hdfs.DFSOutputStream$DataStreamer.run(DFSOutputStream.java:894)
22/01/16 06:13:08 WARN hdfs.DFSClient: Caught exception 
java.lang.InterruptedException
	at java.lang.Object.wait(Native Method)
	at java.lang.Thread.join(Thread.java:1252)
	at java.lang.Thread.join(Thread.java:1326)
	at org.apache.hadoop.hdfs.DFSOutputStream$DataStreamer.closeResponder(DFSOutputStream.java:967)
	at org.apache.hadoop.hdfs.DFSOutputStream$DataStreamer.endBlock(DFSOutputStream.java:705)
	at org.apache.hadoop.hdfs.DFSOutputStream$DataStreamer.run(DFSOutputStream.java:894)
22/01/16 06:13:08 WARN hdfs.DFSClient: Caught exception 
java.lang.InterruptedException
	at java.lang.Object.wait(Native Method)
	at java.lang.Thread.join(Thread.java:1252)
	at java.lang.Thread.join(Thread.java:1326)
	at org.apache.hadoop.hdfs.DFSOutputStream$DataStreamer.closeResponder(DFSOutputStream.java:967)
	at org.apache.hadoop.hdfs.DFSOutputStream$DataStreamer.endBlock(DFSOutputStream.java:705)
	at org.apache.hadoop.hdfs.DFSOutputStream$DataStreamer.run(DFSOutputStream.java:894)
22/01/16 06:13:08 WARN hdfs.DFSClient: Caught exception 
java.lang.InterruptedException
	at java.lang.Object.wait(Native Method)
	at java.lang.Thread.join(Thread.java:1252)
	at java.lang.Thread.join(Thread.java:1326)
	at org.apache.hadoop.hdfs.DFSOutputStream$DataStreamer.closeResponder(DFSOutputStream.java:967)
	at org.apache.hadoop.hdfs.DFSOutputStream$DataStreamer.endBlock(DFSOutputStream.java:705)
	at org.apache.hadoop.hdfs.DFSOutputStream$DataStreamer.run(DFSOutputStream.java:894)
22/01/16 06:13:08 WARN hdfs.DFSClient: Caught exception 
java.lang.InterruptedException
	at java.lang.Object.wait(Native Method)
	at java.lang.Thread.join(Thread.java:1252)
	at java.lang.Thread.join(Thread.java:1326)
	at org.apache.hadoop.hdfs.DFSOutputStream$DataStreamer.closeResponder(DFSOutputStream.java:967)
	at org.apache.hadoop.hdfs.DFSOutputStream$DataStreamer.endBlock(DFSOutputStream.java:705)
	at org.apache.hadoop.hdfs.DFSOutputStream$DataStreamer.run(DFSOutputStream.java:894)
22/01/16 06:13:08 WARN hdfs.DFSClient: Caught exception 
java.lang.InterruptedException
	at java.lang.Object.wait(Native Method)
	at java.lang.Thread.join(Thread.java:1252)
	at java.lang.Thread.join(Thread.java:1326)
	at org.apache.hadoop.hdfs.DFSOutputStream$DataStreamer.closeResponder(DFSOutputStream.java:967)
	at org.apache.hadoop.hdfs.DFSOutputStream$DataStreamer.endBlock(DFSOutputStream.java:705)
	at org.apache.hadoop.hdfs.DFSOutputStream$DataStreamer.run(DFSOutputStream.java:894)
22/01/16 06:13:09 WARN hdfs.DFSClient: Caught exception 
java.lang.InterruptedException
	at java.lang.Object.wait(Native Method)
	at java.lang.Thread.join(Thread.java:1252)
	at java.lang.Thread.join(Thread.java:1326)
	at org.apache.hadoop.hdfs.DFSOutputStream$DataStreamer.closeResponder(DFSOutputStream.java:967)
	at org.apache.hadoop.hdfs.DFSOutputStream$DataStreamer.closeInternal(DFSOutputStream.java:935)
	at org.apache.hadoop.hdfs.DFSOutputStream$DataStreamer.run(DFSOutputStream.java:931)
22/01/16 06:13:09 WARN hdfs.DFSClient: Caught exception 
java.lang.InterruptedException
	at java.lang.Object.wait(Native Method)
	at java.lang.Thread.join(Thread.java:1252)
	at java.lang.Thread.join(Thread.java:1326)
	at org.apache.hadoop.hdfs.DFSOutputStream$DataStreamer.closeResponder(DFSOutputStream.java:967)
	at org.apache.hadoop.hdfs.DFSOutputStream$DataStreamer.endBlock(DFSOutputStream.java:705)
	at org.apache.hadoop.hdfs.DFSOutputStream$DataStreamer.run(DFSOutputStream.java:894)
22/01/16 06:13:09 WARN hdfs.DFSClient: Caught exception 
java.lang.InterruptedException
	at java.lang.Object.wait(Native Method)
	at java.lang.Thread.join(Thread.java:1252)
	at java.lang.Thread.join(Thread.java:1326)
	at org.apache.hadoop.hdfs.DFSOutputStream$DataStreamer.closeResponder(DFSOutputStream.java:967)
	at org.apache.hadoop.hdfs.DFSOutputStream$DataStreamer.endBlock(DFSOutputStream.java:705)
	at org.apache.hadoop.hdfs.DFSOutputStream$DataStreamer.run(DFSOutputStream.java:894)
22/01/16 06:13:09 WARN hdfs.DFSClient: Caught exception 
java.lang.InterruptedException
	at java.lang.Object.wait(Native Method)
	at java.lang.Thread.join(Thread.java:1252)
	at java.lang.Thread.join(Thread.java:1326)
	at org.apache.hadoop.hdfs.DFSOutputStream$DataStreamer.closeResponder(DFSOutputStream.java:967)
	at org.apache.hadoop.hdfs.DFSOutputStream$DataStreamer.endBlock(DFSOutputStream.java:705)
	at org.apache.hadoop.hdfs.DFSOutputStream$DataStreamer.run(DFSOutputStream.java:894)
22/01/16 06:13:09 WARN hdfs.DFSClient: Caught exception 
java.lang.InterruptedException
	at java.lang.Object.wait(Native Method)
	at java.lang.Thread.join(Thread.java:1252)
	at java.lang.Thread.join(Thread.java:1326)
	at org.apache.hadoop.hdfs.DFSOutputStream$DataStreamer.closeResponder(DFSOutputStream.java:967)
	at org.apache.hadoop.hdfs.DFSOutputStream$DataStreamer.endBlock(DFSOutputStream.java:705)
	at org.apache.hadoop.hdfs.DFSOutputStream$DataStreamer.run(DFSOutputStream.java:894)
22/01/16 06:13:09 WARN hdfs.DFSClient: Caught exception 
java.lang.InterruptedException
	at java.lang.Object.wait(Native Method)
	at java.lang.Thread.join(Thread.java:1252)
	at java.lang.Thread.join(Thread.java:1326)
	at org.apache.hadoop.hdfs.DFSOutputStream$DataStreamer.closeResponder(DFSOutputStream.java:967)
	at org.apache.hadoop.hdfs.DFSOutputStream$DataStreamer.endBlock(DFSOutputStream.java:705)
	at org.apache.hadoop.hdfs.DFSOutputStream$DataStreamer.run(DFSOutputStream.java:894)
22/01/16 06:13:09 WARN hdfs.DFSClient: Caught exception 
java.lang.InterruptedException
	at java.lang.Object.wait(Native Method)
	at java.lang.Thread.join(Thread.java:1252)
	at java.lang.Thread.join(Thread.java:1326)
	at org.apache.hadoop.hdfs.DFSOutputStream$DataStreamer.closeResponder(DFSOutputStream.java:967)
	at org.apache.hadoop.hdfs.DFSOutputStream$DataStreamer.endBlock(DFSOutputStream.java:705)
	at org.apache.hadoop.hdfs.DFSOutputStream$DataStreamer.run(DFSOutputStream.java:894)
22/01/16 06:13:09 WARN hdfs.DFSClient: Caught exception 
java.lang.InterruptedException
	at java.lang.Object.wait(Native Method)
	at java.lang.Thread.join(Thread.java:1252)
	at java.lang.Thread.join(Thread.java:1326)
	at org.apache.hadoop.hdfs.DFSOutputStream$DataStreamer.closeResponder(DFSOutputStream.java:967)
	at org.apache.hadoop.hdfs.DFSOutputStream$DataStreamer.endBlock(DFSOutputStream.java:705)
	at org.apache.hadoop.hdfs.DFSOutputStream$DataStreamer.run(DFSOutputStream.java:894)
22/01/16 06:13:10 WARN hdfs.DFSClient: Caught exception 
java.lang.InterruptedException
	at java.lang.Object.wait(Native Method)
	at java.lang.Thread.join(Thread.java:1252)
	at java.lang.Thread.join(Thread.java:1326)
	at org.apache.hadoop.hdfs.DFSOutputStream$DataStreamer.closeResponder(DFSOutputStream.java:967)
	at org.apache.hadoop.hdfs.DFSOutputStream$DataStreamer.endBlock(DFSOutputStream.java:705)
	at org.apache.hadoop.hdfs.DFSOutputStream$DataStreamer.run(DFSOutputStream.java:894)
22/01/16 06:13:10 WARN hdfs.DFSClient: Caught exception 
java.lang.InterruptedException
	at java.lang.Object.wait(Native Method)
	at java.lang.Thread.join(Thread.java:1252)
	at java.lang.Thread.join(Thread.java:1326)
	at org.apache.hadoop.hdfs.DFSOutputStream$DataStreamer.closeResponder(DFSOutputStream.java:967)
	at org.apache.hadoop.hdfs.DFSOutputStream$DataStreamer.endBlock(DFSOutputStream.java:705)
	at org.apache.hadoop.hdfs.DFSOutputStream$DataStreamer.run(DFSOutputStream.java:894)
22/01/16 06:13:10 INFO db.DBInputFormat: Using read commited transaction isolation
22/01/16 06:13:10 WARN hdfs.DFSClient: Caught exception 
java.lang.InterruptedException
	at java.lang.Object.wait(Native Method)
	at java.lang.Thread.join(Thread.java:1252)
	at java.lang.Thread.join(Thread.java:1326)
	at org.apache.hadoop.hdfs.DFSOutputStream$DataStreamer.closeResponder(DFSOutputStream.java:967)
	at org.apache.hadoop.hdfs.DFSOutputStream$DataStreamer.endBlock(DFSOutputStream.java:705)
	at org.apache.hadoop.hdfs.DFSOutputStream$DataStreamer.run(DFSOutputStream.java:894)
22/01/16 06:13:10 INFO mapreduce.JobSubmitter: number of splits:1
22/01/16 06:13:10 INFO mapreduce.JobSubmitter: Submitting tokens for job: job_1642337203049_0001
22/01/16 06:13:12 INFO impl.YarnClientImpl: Submitted application application_1642337203049_0001
22/01/16 06:13:12 INFO mapreduce.Job: The url to track the job: http://quickstart.cloudera:8088/proxy/application_1642337203049_0001/
22/01/16 06:13:12 INFO mapreduce.Job: Running job: job_1642337203049_0001
22/01/16 06:13:35 INFO mapreduce.Job: Job job_1642337203049_0001 running in uber mode : false
22/01/16 06:13:35 INFO mapreduce.Job:  map 0% reduce 0%
22/01/16 06:14:00 INFO mapreduce.Job:  map 100% reduce 0%
22/01/16 06:14:02 INFO mapreduce.Job: Job job_1642337203049_0001 completed successfully
22/01/16 06:14:02 INFO mapreduce.Job: Counters: 30
	File System Counters
		FILE: Number of bytes read=0
		FILE: Number of bytes written=171858
		FILE: Number of read operations=0
		FILE: Number of large read operations=0
		FILE: Number of write operations=0
		HDFS: Number of bytes read=87
		HDFS: Number of bytes written=94
		HDFS: Number of read operations=4
		HDFS: Number of large read operations=0
		HDFS: Number of write operations=2
	Job Counters 
		Launched map tasks=1
		Other local map tasks=1
		Total time spent by all maps in occupied slots (ms)=11203072
		Total time spent by all reduces in occupied slots (ms)=0
		Total time spent by all map tasks (ms)=21881
		Total vcore-milliseconds taken by all map tasks=21881
		Total megabyte-milliseconds taken by all map tasks=11203072
	Map-Reduce Framework
		Map input records=5
		Map output records=5
		Input split bytes=87
		Spilled Records=0
		Failed Shuffles=0
		Merged Map outputs=0
		GC time elapsed (ms)=99
		CPU time spent (ms)=1330
		Physical memory (bytes) snapshot=106262528
		Virtual memory (bytes) snapshot=1944080384
		Total committed heap usage (bytes)=50724864
	File Input Format Counters 
		Bytes Read=0
	File Output Format Counters 
		Bytes Written=94
22/01/16 06:14:02 INFO mapreduce.ImportJobBase: Transferred 94 bytes in 58.5131 seconds (1.6065 bytes/sec)
22/01/16 06:14:02 INFO mapreduce.ImportJobBase: Retrieved 5 records.
[cloudera@quickstart ~]$ hdfs dfs -ls student;
Found 2 items
-rw-r--r--   1 cloudera cloudera          0 2022-01-16 06:14 student/_SUCCESS
-rw-r--r--   1 cloudera cloudera         94 2022-01-16 06:13 student/part-m-00000
[cloudera@quickstart ~]$ hdfs dfs -cat /user/cloudera/student/part-m-00000;
Anif,24,Anantapur
Monisha,24,Chittur
Tanuja,23,Palakollu
Amulya,22,Sircilla
Arjun,24,Banglore
[cloudera@quickstart ~]$ 


---------------------------------------

Exporting data from sqoop to SQL:
-------------------------


[cloudera@quickstart ~]$ mysql -u root -p
Enter password: 
Welcome to the MySQL monitor.  Commands end with ; or \g.
Your MySQL connection id is 265
Server version: 5.1.73 Source distribution

Copyright (c) 2000, 2013, Oracle and/or its affiliates. All rights reserved.

Oracle is a registered trademark of Oracle Corporation and/or its
affiliates. Other names may be trademarks of their respective
owners.

Type 'help;' or '\h' for help. Type '\c' to clear the current input statement.

mysql> show databases;
+--------------------+
| Database           |
+--------------------+
| information_schema |
| cm                 |
| firehose           |
| hue                |
| metastore          |
| mysql              |
| nav                |
| navms              |
| oozie              |
| retail_db          |
| rman               |
| sampledb           |
| sentry             |
| zeyo_db_20         |
| zeyodb             |
+--------------------+
15 rows in set (0.00 sec)

mysql> use sampledb;
Reading table information for completion of table and column names
You can turn off this feature to get a quicker startup with -A

Database changed
mysql> show tables;
+--------------------+
| Tables_in_sampledb |
+--------------------+
| emp                |
| mobiles            |
| student            |
+--------------------+
3 rows in set (0.00 sec)

mysql> select * from mobiles;
+---------+----------+-------+
| model   | rel_year | cost  |
+---------+----------+-------+
| samsung |     2022 | 20000 |
| vivo    |     2021 | 15000 |
| redme   |     2020 | 18000 |
| iphone  |     2020 | 52000 |
| moto    |     2019 | 14000 |
+---------+----------+-------+
5 rows in set (0.00 sec)

mysql> 

